core -FDX root  0.000 secs 0.000 us 0.000 sy 0.031 es Fri May 18 08:34
core -DX root  0.000 secs 0.000 us 0.000 sy 0.031 es Fri May 18 08:34
cc - root  0.000 secs 0.000 us 0.000 sy 0.469 es Fri May 18 08:34
ld - root  0.000 secs 0.000 us 0.000 sy 0.109 es Fri May 18 08:34
as - root  0.000 secs 0.000 us 0.000 sy 0.047 es Fri May 18 08:34
cc1 - root  0.016 secs 0.016 us 0.000 sy 0.203 es Fri May 18 08:34
time - root  0.000 secs 0.000 us 0.000 sy 0.000 es Fri May 18 08:34
1234567890123456 - root  0.000 secs 0.000 us 0.000 sy 0.000 es Fri May 18 08:34
ln - root  0.000 secs 0.000 us 0.000 sy 0.000 es Fri May 18 08:34
time - root  0.000 secs 0.000 us 0.000 sy 0.000 es Fri May 18 08:34
1234567890123456 - root  0.000 secs 0.000 us 0.000 sy 0.000 es Fri May 18 08:34
ln - root  0.000 secs 0.000 us 0.000 sy 0.000 es Fri May 18 08:34
time - root  0.000 secs 0.000 us 0.000 sy 0.000 es Fri May 18 08:34
123456789012345 - root  0.000 secs 0.000 us 0.000 sy 0.000 es Fri May 18 08:34
ln - root  0.000 secs 0.000 us 0.000 sy 0.000 es Fri May 18 08:34
time - root  0.000 secs 0.000 us 0.000 sy 0.359 es Fri May 18 08:34
diff - root  0.312 secs 0.297 us 0.016 sy 0.359 es Fri May 18 08:34
time - root  0.000 secs 0.000 us 0.000 sy 0.031 es Fri May 18 08:34
dd - root  0.016 secs 0.000 us 0.016 sy 0.031 es Fri May 18 08:34
time - root  0.000 secs 0.000 us 0.000 sy 3.000 es Fri May 18 08:34
sleep - root  0.000 secs 0.000 us 0.000 sy 3.000 es Fri May 18 08:34
time - root  0.000 secs 0.000 us 0.000 sy 3.406 es Fri May 18 08:34
find - root  0.266 secs 0.062 us 0.203 sy 3.406 es Fri May 18 08:34
time - root  0.000 secs 0.000 us 0.000 sy 5.047 es Fri May 18 08:33
egrep - root  4.984 secs 4.984 us 0.000 sy 5.047 es Fri May 18 08:33
time - root  0.000 secs 0.000 us 0.000 sy 0.484 es Fri May 18 08:33
awk - root  0.453 secs 0.453 us 0.000 sy 0.453 es Fri May 18 08:33
accton - root  0.000 secs 0.000 us 0.000 sy 0.000 es Fri May 18 08:33
