{
  "top": {
    "data": {
      "animal": "fish",
      "animal": "fish",
      "thing": [
        {
          "name": "thing",
          "color": "green",
          "time": "2:15",
          "hand": "left",
          "color": "blue",
          "time": "3:45"
        },
        {
          "name": "thing",
          "color": "green",
          "time": "2:15",
          "hand": "left",
          "color": "blue",
          "time": "3:45"
        },
        {
          "name": "thing",
          "color": "green",
          "time": "2:15",
          "hand": "left",
          "color": "blue",
          "time": "3:45"
        },
        {
          "name": "thing",
          "color": "green",
          "time": "2:15",
          "hand": "left",
          "color": "blue",
          "time": "3:45"
        },
        {
          "name": "thing",
          "color": "green",
          "time": "2:15",
          "hand": "left",
          "color": "blue",
          "time": "3:45"
        },
        {
          "name": "thing",
          "color": "green",
          "time": "2:15",
          "hand": "left",
          "color": "blue",
          "time": "3:45"
        },
        {
          "name": "thing",
          "color": "green",
          "time": "2:15",
          "hand": "left",
          "color": "blue",
          "time": "3:45"
        },
        {
          "name": "thing",
          "color": "green",
          "time": "2:15",
          "hand": "left",
          "color": "blue",
          "time": "3:45"
        },
        {
          "name": "thing",
          "color": "green",
          "time": "2:15",
          "hand": "left",
          "color": "blue",
          "time": "3:45"
        },
        {
          "name": "thing",
          "color": "green",
          "time": "2:15",
          "hand": "left",
          "color": "blue",
          "time": "3:45"
        }
      ]
    }
  }
}
