<top><data><animal>fish</animal><animal>fish</animal><thing><name>thing</name><color>green</color><time>2:15</time><hand>left</hand><color>blue</color><time>3:45</time></thing><thing><name>thing</name><color>green</color><time>2:15</time><hand>left</hand><color>blue</color><time>3:45</time></thing><thing><name>thing</name><color>green</color><time>2:15</time><hand>left</hand><color>blue</color><time>3:45</time></thing><thing><name>thing</name><color>green</color><time>2:15</time><hand>left</hand><color>blue</color><time>3:45</time></thing><thing><name>thing</name><color>green</color><time>2:15</time><hand>left</hand><color>blue</color><time>3:45</time></thing><thing><name>thing</name><color>green</color><time>2:15</time><hand>left</hand><color>blue</color><time>3:45</time></thing><thing><name>thing</name><color>green</color><time>2:15</time><hand>left</hand><color>blue</color><time>3:45</time></thing><thing><name>thing</name><color>green</color><time>2:15</time><hand>left</hand><color>blue</color><time>3:45</time></thing><thing><name>thing</name><color>green</color><time>2:15</time><hand>left</hand><color>blue</color><time>3:45</time></thing><thing><name>thing</name><color>green</color><time>2:15</time><hand>left</hand><color>blue</color><time>3:45</time></thing></data></top>